AR nvram_rtc behavioral D:/MILOS/Projects/ATLAS_XP2v5/ATLAS_XP2v5_VHDL/Atlas_XP2V5/nvram_rtc.vhd sub00/vhpl07 1507535886
EN data_latch NULL D:/MILOS/Projects/ATLAS_XP2v5/ATLAS_XP2v5_VHDL/Atlas_XP2V5/data_latch.vhd sub00/vhpl04 1507535883
EN nvram_rtc NULL D:/MILOS/Projects/ATLAS_XP2v5/ATLAS_XP2v5_VHDL/Atlas_XP2V5/nvram_rtc.vhd sub00/vhpl06 1507535885
AR fsm_xp behavioral D:/MILOS/Projects/ATLAS_XP2v5/ATLAS_XP2v5_VHDL/Atlas_XP2V5/fsm_xp.vhd sub00/vhpl03 1507535882
EN fsm_xp_top NULL D:/MILOS/Projects/ATLAS_XP2v5/ATLAS_XP2v5_VHDL/Atlas_XP2V5/fsm_xp_top.vhd sub00/vhpl08 1533039828
EN fsm_xp NULL D:/MILOS/Projects/ATLAS_XP2v5/ATLAS_XP2v5_VHDL/Atlas_XP2V5/fsm_xp.vhd sub00/vhpl02 1507535881
AR fsm_xp_top behavioral D:/MILOS/Projects/ATLAS_XP2v5/ATLAS_XP2v5_VHDL/Atlas_XP2V5/fsm_xp_top.vhd sub00/vhpl09 1533039829
AR data_latch behavioral D:/MILOS/Projects/ATLAS_XP2v5/ATLAS_XP2v5_VHDL/Atlas_XP2V5/data_latch.vhd sub00/vhpl05 1507535884
EN bbram_test1_vhd NULL F:/MILOS/Projects/ATLAS_XP2V3v1.2/bbram_test1.vhd sub00/vhpl10 1350382237
EN adr_latch NULL D:/MILOS/Projects/ATLAS_XP2v5/ATLAS_XP2v5_VHDL/Atlas_XP2V5/adr_latch.vhd sub00/vhpl00 1507535879
AR adr_latch behavioral D:/MILOS/Projects/ATLAS_XP2v5/ATLAS_XP2v5_VHDL/Atlas_XP2V5/adr_latch.vhd sub00/vhpl01 1507535880
