

ERROR LIST REPORT -- ATLAS_XP2V5.pcb -- Mon Apr 24 09:01:02 2017


----------------------------------------------------
Error   1 Location 6300,5363.5 Level 1
Board Outline violation error
----------------------------------------------------
Error   2 Location 6300,113.5 Level 1
Board Outline violation error
----------------------------------------------------
Error   3 Location 6038.87,5415 Level 1
Body to body clearance error
----------------------------------------------------
Error   4 Location 5784,3879.68 Level 1
Body to body clearance error
----------------------------------------------------
Error   5 Location 5718.75,5456.25 Level 1
Body to body clearance error
----------------------------------------------------
Error   6 Location 5626.84,4386 Level 1
Body to body clearance error
----------------------------------------------------
Error   7 Location 5602,618.75 Level 1
Body to body clearance error
----------------------------------------------------
Error   8 Location 5602,518.75 Level 1
Body to body clearance error
----------------------------------------------------
Error   9 Location 5602,418.75 Level 1
Body to body clearance error
----------------------------------------------------
Error  10 Location 5602,318.75 Level 1
Body to body clearance error
----------------------------------------------------
Error  11 Location 5602,218.75 Level 1
Body to body clearance error
----------------------------------------------------
Error  12 Location 5378.9,731.5 Level 1
Body to body clearance error
----------------------------------------------------
Error  13 Location 4235.64,6414.86 Level 1
Body to body clearance error
----------------------------------------------------
Error  14 Location 4142.73,6414.11 Level 1
Body to body clearance error
----------------------------------------------------
Error  15 Location 3632.94,5669.22 Level 1
Body to body clearance error
----------------------------------------------------
Error  16 Location 3633.3,5766.38 Level 1
Body to body clearance error
----------------------------------------------------
Error  17 Location 3634.37,5627.47 Level 1
Body to body clearance error
----------------------------------------------------
Error  18 Location 3442.22,5766.38 Level 1
Body to body clearance error
----------------------------------------------------
Error  19 Location 3441.5,5669.22 Level 1
Body to body clearance error
----------------------------------------------------
Error  20 Location 3237.8,1820.87 Level 1
Body to body clearance error
----------------------------------------------------
Error  21 Location 3237.8,1317.5 Level 1
Body to body clearance error
----------------------------------------------------
Error  22 Location 3150.82,5523.54 Level 1
Body to body clearance error
----------------------------------------------------
Error  23 Location 3057.78,2001 Level 1
Body to body clearance error
----------------------------------------------------
Error  24 Location 2959,2001 Level 1
Body to body clearance error
----------------------------------------------------
Error  25 Location 2935.8,5679.49 Level 1
Body to body clearance error
----------------------------------------------------
Error  26 Location 2719.89,5177.19 Level 1
Body to body clearance error
----------------------------------------------------
Error  27 Location 2712.4,5061.71 Level 1
Body to body clearance error
----------------------------------------------------
Error  28 Location 2487.5,1850.02 Level 1
Body to body clearance error
----------------------------------------------------
Error  29 Location 1585.92,828.27 Level 1
Body to body clearance error
----------------------------------------------------
Error  30 Location 1539.67,827.22 Level 1
Body to body clearance error
----------------------------------------------------
Error  31 Location 944.82,2880.39 Level 1
Body to body clearance error
----------------------------------------------------
Error  32 Location 943.65,2615.75 Level 1
Body to body clearance error
----------------------------------------------------
Error  33 Location 536,8625 Level 1
Body to body clearance error
----------------------------------------------------
Error  34 Location 150.25,7820 Level 1
Body to body clearance error
----------------------------------------------------
Error  35 Location 150.25,6438.75 Level 1
Body to body clearance error
----------------------------------------------------
Error  36 Location 150.25,5407.5 Level 1
Body to body clearance error
----------------------------------------------------
Error  37 Location 150.25,4638.75 Level 1
Body to body clearance error
----------------------------------------------------
Error  38 Location -98.92,2375 Level 1
Board Outline violation error
----------------------------------------------------
Error  39 Location -127,1531.25 Level 1
Board Outline violation error
----------------------------------------------------
Error  40 Location -170.72,919.54 Level 1
Board Outline violation error
----------------------------------------------------
Error  41 Location -231.25,393.75 Level 1
Board Outline violation error
----------------------------------------------------
Error  42 Location -278.5,6168 Level 1
Board Outline violation error
----------------------------------------------------
Error  43 Location -291.97,1207.04 Level 1
Board Outline violation error
----------------------------------------------------
Error  44 Location 5013,2098 Level 4
Body to body clearance error
----------------------------------------------------
Error  45 Location 4966.02,5417.03 Level 4
Body to body clearance error
----------------------------------------------------
Error  46 Location 4966.02,5326.68 Level 4
Body to body clearance error
----------------------------------------------------
Error  47 Location 4966,5597.62 Level 4
Body to body clearance error
----------------------------------------------------
Error  48 Location 4951.28,5236.96 Level 4
Body to body clearance error
----------------------------------------------------
Error  49 Location 4913,2098 Level 4
Body to body clearance error
----------------------------------------------------
Error  50 Location 4722.49,5691.98 Level 4
Body to body clearance error
----------------------------------------------------
Error  51 Location 4441.07,5684.24 Level 4
Body to body clearance error
----------------------------------------------------
Error  52 Location 4136.14,5486.42 Level 4
Body to body clearance error
----------------------------------------------------
Error  53 Location 4136.09,5305.23 Level 4
Body to body clearance error
----------------------------------------------------
Error  54 Location 4134.68,5214.58 Level 4
Body to body clearance error
----------------------------------------------------
Error  55 Location 4130,5124.32 Level 4
Body to body clearance error
----------------------------------------------------
